<html>
<body>
<pre>
<h1>µVision Build Log</h1>
<h2>Tool Versions:</h2>
IDE-Version: µVision V5.26.2.0
Copyright (C) 2018 ARM Ltd and ARM Germany GmbH. All rights reserved.
License Information: Pika Chu, EINA, LIC=----
 
Tool Versions:
Toolchain:       MDK-Lite  Version: 5.26.2.0
Toolchain Path:  C:\Keil_v5\ARM\ARMCC\Bin
C Compiler:      Armcc.exe V5.06 update 6 (build 750)
Assembler:       Armasm.exe V5.06 update 6 (build 750)
Linker/Locator:  ArmLink.exe V5.06 update 6 (build 750)
Library Manager: ArmAr.exe V5.06 update 6 (build 750)
Hex Converter:   FromElf.exe V5.06 update 6 (build 750)
CPU DLL:         SARM.DLL V5.26.2.0
Dialog DLL:      DARMP.DLL V1.53.0.0
Target DLL:      UL2ARM.DLL V1.74.10.0
Dialog DLL:      TARMP.DLL V1.53.0.0
 
<h2>Project:</h2>
\\vmware-host\Shared Folders\Documentos\Informatica\s05\proHard\p1\v1\sudoku_2021.uvproj
Project File Date:  09/16/2021

<h2>Output:</h2>
*** Using Compiler 'V5.06 update 6 (build 750)', folder: 'C:\Keil_v5\ARM\ARMCC\Bin'
Rebuild target 'LPC2105'
assembling Startup.s...
compiling sudoku_2021.c...
sudoku_2021.c(118): warning:  #550-D: variable "celdas_vacias"  was set but never used
      int celdas_vacias[4];     //numero de celdas aun vacias
sudoku_2021.c(120): warning:  #177-D: variable "i"  was declared but never referenced
  	  size_t i;
sudoku_2021.c: 2 warnings, 0 errors
linking...
Program Size: Code=1392 RO-data=32 RW-data=1440 ZI-data=1256  
".\Objects\sudoku_2021.axf" - 0 Error(s), 2 Warning(s).
Build Time Elapsed:  00:00:03
</pre>
</body>
</html>
