


ARM Macro Assembler    Page 1 


    1 00000000                 AREA             datos, DATA
    2 00000000         
    3 00000000         
    4 00000000         
    5 00000000 10000000 
                       NUM_FILAS
                               EQU              0x10000000
    6 00000000         
    7 00000000         
    8 00000000                 AREA             codigo, CODE
    9 00000000                 ENTRY
   10 00000000         
   11 00000000         
   12 00000000 E10F1000        mrs              r1,cpsr
   13 00000004 E3811201        orr              r1,r1,#NUM_FILAS
   14 00000008 E12FF001        MSR              cpsr_cxsf,r1
   15 0000000C         
   16 0000000C EAFFFFFE 
                       fin     b                fin
   17 00000010         
   18 00000010                 END
Command Line: --debug --xref --diag_suppress=9931 --apcs=interwork --depend=.\o
bjects\entreno.d -o.\objects\entreno.o -IC:\Keil_v5\ARM\RV31\INC -IC:\Keil_v5\A
RM\CMSIS\Include -IC:\Keil_v5\ARM\INC\Philips --predefine="__EVAL SETA 1" --pre
define="__UVISION_VERSION SETA 526" --list=.\listings\entreno.lst Entreno.s



ARM Macro Assembler    Page 1 Alphabetic symbol ordering
Relocatable symbols

datos 00000000

Symbol: datos
   Definitions
      At line 1 in file Entreno.s
   Uses
      None
Comment: datos unused
1 symbol



ARM Macro Assembler    Page 1 Alphabetic symbol ordering
Relocatable symbols

codigo 00000000

Symbol: codigo
   Definitions
      At line 8 in file Entreno.s
   Uses
      None
Comment: codigo unused
fin 0000000C

Symbol: fin
   Definitions
      At line 16 in file Entreno.s
   Uses
      At line 16 in file Entreno.s
Comment: fin used once
2 symbols



ARM Macro Assembler    Page 1 Alphabetic symbol ordering
Absolute symbols

NUM_FILAS 10000000

Symbol: NUM_FILAS
   Definitions
      At line 5 in file Entreno.s
   Uses
      At line 13 in file Entreno.s
Comment: NUM_FILAS used once
1 symbol
336 symbols in table
