Component: ARM Compiler 5.06 update 6 (build 750) Tool: armlink [4d35ed]

==============================================================================

Section Cross References



==============================================================================

Removing Unused input sections from the image.

    Removing entreno.o(datos), (0 bytes).

1 unused section(s) (total 0 bytes) removed from the image.

==============================================================================

Image Symbol Table

    Local Symbols

    Symbol Name                              Value     Ov Type        Size  Object(Section)

    Entreno.s                                0x00000000   Number         0  entreno.o ABSOLUTE
    codigo                                   0x40000000   Section       16  entreno.o(codigo)

    Global Symbols

    Symbol Name                              Value     Ov Type        Size  Object(Section)

    BuildAttributes$$THM_ISAv1$ARM_ISAv4$S$PE$A:L22$X:L11$S22$IEEE1$IW$USESV6$~STKCKD$USESV7$~SHL$OSPACE$EBA8$STANDARDLIB$PRES8$EABIv2 0x00000000   Number         0  anon$$obj.o ABSOLUTE



==============================================================================

Memory Map of the image

  Image Entry point : 0x40000000

  Load Region LR_IRAM1 (Base: 0x40000000, Size: 0x00000010, Max: 0x00004000, ABSOLUTE)

    Execution Region ER_IRAM1 (Exec base: 0x40000000, Load base: 0x40000000, Size: 0x00000010, Max: 0xffffffff, ABSOLUTE)

    Exec Addr    Load Addr    Size         Type   Attr      Idx    E Section Name        Object

    0x40000000   0x40000000   0x00000010   Code   RO            2  * codigo              entreno.o


==============================================================================

Image component sizes


      Code (inc. data)   RO Data    RW Data    ZI Data      Debug   Object Name

        16          0          0          0          0        284   entreno.o

    ----------------------------------------------------------------------
        16          0          0          0          0        284   Object Totals
         0          0          0          0          0          0   (incl. Generated)
         0          0          0          0          0          0   (incl. Padding)

    ----------------------------------------------------------------------
         0          0          0          0          0          0   Library Totals
         0          0          0          0          0          0   (incl. Padding)

    ----------------------------------------------------------------------

==============================================================================


      Code (inc. data)   RO Data    RW Data    ZI Data      Debug   

        16          0          0          0          0        284   Grand Totals
        16          0          0          0          0        284   ELF Image Totals
        16          0          0          0          0          0   ROM Totals

==============================================================================

    Total RO  Size (Code + RO Data)                   16 (   0.02kB)
    Total RW  Size (RW Data + ZI Data)                 0 (   0.00kB)
    Total ROM Size (Code + RO Data + RW Data)         16 (   0.02kB)

==============================================================================

