Component: ARM Compiler 5.06 update 6 (build 750) Tool: armlink [4d35ed]

==============================================================================

Section Cross References

    startup.o(STACK) refers (Special) to heapauxi.o(.text) for __use_two_region_memory
    startup.o(HEAP) refers (Special) to heapauxi.o(.text) for __use_two_region_memory
    startup.o(RESET) refers (Special) to heapauxi.o(.text) for __use_two_region_memory
    startup.o(RESET) refers to startup.o(STACK) for Stack_Top
    startup.o(RESET) refers to __main.o(!!!main) for __main
    startup.o(.text) refers (Special) to heapauxi.o(.text) for __use_two_region_memory
    startup.o(.text) refers to startup.o(HEAP) for Heap_Mem
    startup.o(.text) refers to startup.o(STACK) for Stack_Mem
    funciones.o(cod) refers to sudoku_2021.o(i.candidatos_propagar_c) for candidatos_propagar_c
    funciones.o(cod) refers to funciones.o(datos) for init_region
    sudoku_2021.o(i.candidatos_actualizar_c) refers to sudoku_2021.o(i.esVacia) for esVacia
    sudoku_2021.o(i.candidatos_actualizar_c) refers to sudoku_2021.o(i.elminaCandidatos) for elminaCandidatos
    sudoku_2021.o(i.candidatos_actualizar_c) refers to sudoku_2021.o(i.candidatos_propagar_c) for candidatos_propagar_c
    sudoku_2021.o(i.candidatos_actualizar_c_arm) refers to sudoku_2021.o(i.esVacia) for esVacia
    sudoku_2021.o(i.candidatos_actualizar_c_arm) refers to sudoku_2021.o(i.elminaCandidatos) for elminaCandidatos
    sudoku_2021.o(i.candidatos_actualizar_c_arm) refers to funciones.o(cod) for candidatos_propagar_arm
    sudoku_2021.o(i.candidatos_propagar_c) refers to sudoku_2021.o(i.celda_eliminar_candidato) for celda_eliminar_candidato
    sudoku_2021.o(i.main) refers to sudoku_2021.o(i.sudoku9x9) for sudoku9x9
    sudoku_2021.o(i.main) refers to sudoku_2021.o(.data) for solucion
    sudoku_2021.o(i.sudoku9x9) refers to sudoku_2021.o(i.candidatos_actualizar_c) for candidatos_actualizar_c
    sudoku_2021.o(i.sudoku9x9) refers to sudoku_2021.o(i.candidatos_actualizar_c_arm) for candidatos_actualizar_c_arm
    sudoku_2021.o(i.sudoku9x9) refers to funciones.o(cod) for candidatos_actualizar_arm
    sudoku_2021.o(i.sudoku9x9) refers to sudoku_2021.o(i.cuadricula_candidatos_verificar) for cuadricula_candidatos_verificar
    __main.o(!!!main) refers to __rtentry.o(.ARM.Collect$$rtentry$$00000000) for __rt_entry
    __rtentry.o(.ARM.Collect$$rtentry$$00000000) refers (Special) to __rtentry2.o(.ARM.Collect$$rtentry$$0000000A) for __rt_entry_li
    __rtentry.o(.ARM.Collect$$rtentry$$00000000) refers (Special) to __rtentry2.o(.ARM.Collect$$rtentry$$0000000D) for __rt_entry_main
    __rtentry.o(.ARM.Collect$$rtentry$$00000000) refers (Special) to __rtentry2.o(.ARM.Collect$$rtentry$$0000000C) for __rt_entry_postli_1
    __rtentry.o(.ARM.Collect$$rtentry$$00000000) refers (Special) to __rtentry2.o(.ARM.Collect$$rtentry$$00000009) for __rt_entry_postsh_1
    __rtentry.o(.ARM.Collect$$rtentry$$00000000) refers (Special) to __rtentry2.o(.ARM.Collect$$rtentry$$00000002) for __rt_entry_presh_1
    __rtentry.o(.ARM.Collect$$rtentry$$00000000) refers (Special) to __rtentry4.o(.ARM.Collect$$rtentry$$00000004) for __rt_entry_sh
    __rtentry2.o(.ARM.Collect$$rtentry$$00000008) refers to boardinit2.o(.text) for _platform_post_stackheap_init
    __rtentry2.o(.ARM.Collect$$rtentry$$0000000A) refers to libinit.o(.ARM.Collect$$libinit$$00000000) for __rt_lib_init
    __rtentry2.o(.ARM.Collect$$rtentry$$0000000B) refers to boardinit3.o(.text) for _platform_post_lib_init
    __rtentry2.o(.ARM.Collect$$rtentry$$0000000D) refers to exit.o(.text) for exit
    __rtentry2.o(.ARM.Collect$$rtentry$$0000000D) refers to sudoku_2021.o(i.main) for main
    __rtentry2.o(.ARM.exidx) refers to __rtentry2.o(.ARM.Collect$$rtentry$$00000001) for .ARM.Collect$$rtentry$$00000001
    __rtentry2.o(.ARM.exidx) refers to __rtentry2.o(.ARM.Collect$$rtentry$$00000008) for .ARM.Collect$$rtentry$$00000008
    __rtentry2.o(.ARM.exidx) refers to __rtentry2.o(.ARM.Collect$$rtentry$$0000000A) for .ARM.Collect$$rtentry$$0000000A
    __rtentry2.o(.ARM.exidx) refers to __rtentry2.o(.ARM.Collect$$rtentry$$0000000B) for .ARM.Collect$$rtentry$$0000000B
    __rtentry2.o(.ARM.exidx) refers to __rtentry2.o(.ARM.Collect$$rtentry$$0000000D) for .ARM.Collect$$rtentry$$0000000D
    __rtentry4.o(.ARM.Collect$$rtentry$$00000004) refers to sys_stackheap_outer.o(.text) for __user_setup_stackheap
    __rtentry4.o(.ARM.exidx) refers to __rtentry4.o(.ARM.Collect$$rtentry$$00000004) for .ARM.Collect$$rtentry$$00000004
    sys_stackheap_outer.o(.text) refers to libspace.o(.text) for __user_perproc_libspace
    sys_stackheap_outer.o(.text) refers to startup.o(.text) for __user_initial_stackheap
    exit.o(.text) refers to rtexit.o(.ARM.Collect$$rtexit$$00000000) for __rt_exit
    libinit.o(.ARM.Collect$$libinit$$00000000) refers (Special) to libinit2.o(.ARM.Collect$$libinit$$0000002E) for __rt_lib_init_alloca_1
    libinit.o(.ARM.Collect$$libinit$$00000000) refers (Special) to libinit2.o(.ARM.Collect$$libinit$$0000002C) for __rt_lib_init_argv_1
    libinit.o(.ARM.Collect$$libinit$$00000000) refers (Special) to libinit2.o(.ARM.Collect$$libinit$$0000001B) for __rt_lib_init_atexit_1
    libinit.o(.ARM.Collect$$libinit$$00000000) refers (Special) to libinit2.o(.ARM.Collect$$libinit$$00000021) for __rt_lib_init_clock_1
    libinit.o(.ARM.Collect$$libinit$$00000000) refers (Special) to libinit2.o(.ARM.Collect$$libinit$$00000032) for __rt_lib_init_cpp_1
    libinit.o(.ARM.Collect$$libinit$$00000000) refers (Special) to libinit2.o(.ARM.Collect$$libinit$$00000030) for __rt_lib_init_exceptions_1
    libinit.o(.ARM.Collect$$libinit$$00000000) refers (Special) to libinit2.o(.ARM.Collect$$libinit$$00000002) for __rt_lib_init_fp_1
    libinit.o(.ARM.Collect$$libinit$$00000000) refers (Special) to libinit2.o(.ARM.Collect$$libinit$$0000001F) for __rt_lib_init_fp_trap_1
    libinit.o(.ARM.Collect$$libinit$$00000000) refers (Special) to libinit2.o(.ARM.Collect$$libinit$$00000023) for __rt_lib_init_getenv_1
    libinit.o(.ARM.Collect$$libinit$$00000000) refers (Special) to libinit2.o(.ARM.Collect$$libinit$$0000000A) for __rt_lib_init_heap_1
    libinit.o(.ARM.Collect$$libinit$$00000000) refers (Special) to libinit2.o(.ARM.Collect$$libinit$$00000011) for __rt_lib_init_lc_collate_1
    libinit.o(.ARM.Collect$$libinit$$00000000) refers (Special) to libinit2.o(.ARM.Collect$$libinit$$00000013) for __rt_lib_init_lc_ctype_1
    libinit.o(.ARM.Collect$$libinit$$00000000) refers (Special) to libinit2.o(.ARM.Collect$$libinit$$00000015) for __rt_lib_init_lc_monetary_1
    libinit.o(.ARM.Collect$$libinit$$00000000) refers (Special) to libinit2.o(.ARM.Collect$$libinit$$00000017) for __rt_lib_init_lc_numeric_1
    libinit.o(.ARM.Collect$$libinit$$00000000) refers (Special) to libinit2.o(.ARM.Collect$$libinit$$00000019) for __rt_lib_init_lc_time_1
    libinit.o(.ARM.Collect$$libinit$$00000000) refers (Special) to libinit2.o(.ARM.Collect$$libinit$$00000004) for __rt_lib_init_preinit_1
    libinit.o(.ARM.Collect$$libinit$$00000000) refers (Special) to libinit2.o(.ARM.Collect$$libinit$$0000000E) for __rt_lib_init_rand_1
    libinit.o(.ARM.Collect$$libinit$$00000000) refers (Special) to libinit2.o(.ARM.Collect$$libinit$$00000033) for __rt_lib_init_return
    libinit.o(.ARM.Collect$$libinit$$00000000) refers (Special) to libinit2.o(.ARM.Collect$$libinit$$0000001D) for __rt_lib_init_signal_1
    libinit.o(.ARM.Collect$$libinit$$00000000) refers (Special) to libinit2.o(.ARM.Collect$$libinit$$00000025) for __rt_lib_init_stdio_1
    libinit.o(.ARM.Collect$$libinit$$00000000) refers (Special) to libinit2.o(.ARM.Collect$$libinit$$0000000C) for __rt_lib_init_user_alloc_1
    libspace.o(.text) refers to libspace.o(.bss) for __libspace_start
    rtexit.o(.ARM.Collect$$rtexit$$00000000) refers (Special) to rtexit2.o(.ARM.Collect$$rtexit$$00000004) for __rt_exit_exit
    rtexit.o(.ARM.Collect$$rtexit$$00000000) refers (Special) to rtexit2.o(.ARM.Collect$$rtexit$$00000003) for __rt_exit_ls
    rtexit.o(.ARM.Collect$$rtexit$$00000000) refers (Special) to rtexit2.o(.ARM.Collect$$rtexit$$00000002) for __rt_exit_prels_1
    rtexit.o(.ARM.exidx) refers (Special) to rtexit2.o(.ARM.Collect$$rtexit$$00000004) for __rt_exit_exit
    rtexit.o(.ARM.exidx) refers (Special) to rtexit2.o(.ARM.Collect$$rtexit$$00000003) for __rt_exit_ls
    rtexit.o(.ARM.exidx) refers (Special) to rtexit2.o(.ARM.Collect$$rtexit$$00000002) for __rt_exit_prels_1
    rtexit.o(.ARM.exidx) refers to rtexit.o(.ARM.Collect$$rtexit$$00000000) for .ARM.Collect$$rtexit$$00000000
    libinit2.o(.ARM.Collect$$libinit$$00000001) refers to fpinit.o(x$fpl$fpinit) for _fp_init
    libinit2.o(.ARM.Collect$$libinit$$00000010) refers to libinit2.o(.ARM.Collect$$libinit$$0000000F) for .ARM.Collect$$libinit$$0000000F
    libinit2.o(.ARM.Collect$$libinit$$00000012) refers to libinit2.o(.ARM.Collect$$libinit$$0000000F) for .ARM.Collect$$libinit$$0000000F
    libinit2.o(.ARM.Collect$$libinit$$00000014) refers to libinit2.o(.ARM.Collect$$libinit$$0000000F) for .ARM.Collect$$libinit$$0000000F
    libinit2.o(.ARM.Collect$$libinit$$00000016) refers to libinit2.o(.ARM.Collect$$libinit$$0000000F) for .ARM.Collect$$libinit$$0000000F
    libinit2.o(.ARM.Collect$$libinit$$00000018) refers to libinit2.o(.ARM.Collect$$libinit$$0000000F) for .ARM.Collect$$libinit$$0000000F
    libinit2.o(.ARM.Collect$$libinit$$00000026) refers to argv_veneer.o(.emb_text) for __ARM_argv_veneer
    libinit2.o(.ARM.Collect$$libinit$$00000027) refers to argv_veneer.o(.emb_text) for __ARM_argv_veneer
    rtexit2.o(.ARM.Collect$$rtexit$$00000003) refers to libshutdown.o(.ARM.Collect$$libshutdown$$00000000) for __rt_lib_shutdown
    rtexit2.o(.ARM.Collect$$rtexit$$00000004) refers to sys_exit.o(.text) for _sys_exit
    rtexit2.o(.ARM.exidx) refers to rtexit2.o(.ARM.Collect$$rtexit$$00000001) for .ARM.Collect$$rtexit$$00000001
    rtexit2.o(.ARM.exidx) refers to rtexit2.o(.ARM.Collect$$rtexit$$00000003) for .ARM.Collect$$rtexit$$00000003
    rtexit2.o(.ARM.exidx) refers to rtexit2.o(.ARM.Collect$$rtexit$$00000004) for .ARM.Collect$$rtexit$$00000004
    argv_veneer.o(.emb_text) refers to no_argv.o(.text) for __ARM_get_argv
    sys_exit.o(.text) refers (Special) to use_no_semi.o(.text) for __I$use$semihosting
    sys_exit.o(.text) refers (Special) to indicate_semi.o(.text) for __semihosting_library_function
    _get_argv_nomalloc.o(.text) refers (Special) to hrguard.o(.text) for __heap_region$guard
    _get_argv_nomalloc.o(.text) refers to defsig_rtmem_outer.o(.text) for __rt_SIGRTMEM
    _get_argv_nomalloc.o(.text) refers to sys_command.o(.text) for _sys_command_string
    libshutdown.o(.ARM.Collect$$libshutdown$$00000000) refers (Special) to libshutdown2.o(.ARM.Collect$$libshutdown$$00000002) for __rt_lib_shutdown_cpp_1
    libshutdown.o(.ARM.Collect$$libshutdown$$00000000) refers (Special) to libshutdown2.o(.ARM.Collect$$libshutdown$$00000007) for __rt_lib_shutdown_fp_trap_1
    libshutdown.o(.ARM.Collect$$libshutdown$$00000000) refers (Special) to libshutdown2.o(.ARM.Collect$$libshutdown$$0000000F) for __rt_lib_shutdown_heap_1
    libshutdown.o(.ARM.Collect$$libshutdown$$00000000) refers (Special) to libshutdown2.o(.ARM.Collect$$libshutdown$$00000010) for __rt_lib_shutdown_return
    libshutdown.o(.ARM.Collect$$libshutdown$$00000000) refers (Special) to libshutdown2.o(.ARM.Collect$$libshutdown$$0000000A) for __rt_lib_shutdown_signal_1
    libshutdown.o(.ARM.Collect$$libshutdown$$00000000) refers (Special) to libshutdown2.o(.ARM.Collect$$libshutdown$$00000004) for __rt_lib_shutdown_stdio_1
    libshutdown.o(.ARM.Collect$$libshutdown$$00000000) refers (Special) to libshutdown2.o(.ARM.Collect$$libshutdown$$0000000C) for __rt_lib_shutdown_user_alloc_1
    sys_command.o(.text) refers (Special) to use_no_semi.o(.text) for __I$use$semihosting
    sys_command.o(.text) refers (Special) to indicate_semi.o(.text) for __semihosting_library_function
    defsig_rtmem_outer.o(.text) refers to defsig_rtmem_inner.o(.text) for __rt_SIGRTMEM_inner
    defsig_rtmem_outer.o(.text) refers to defsig_exit.o(.text) for __sig_exit
    defsig_rtmem_formal.o(.text) refers to rt_raise.o(.text) for __rt_raise
    rt_raise.o(.text) refers to __raise.o(.text) for __raise
    rt_raise.o(.text) refers to sys_exit.o(.text) for _sys_exit
    defsig_exit.o(.text) refers to sys_exit.o(.text) for _sys_exit
    defsig_rtmem_inner.o(.text) refers to defsig_general.o(.text) for __default_signal_display
    __raise.o(.text) refers to __raise.o(i.__ARM_common_call_via_r2) for __ARM_common_call_via_r2
    __raise.o(.text) refers to defsig.o(CL$$defsig) for __default_signal_handler
    defsig_general.o(.text) refers to sys_wrch.o(.text) for _ttywrch
    sys_wrch.o(.text) refers (Special) to use_no_semi.o(.text) for __I$use$semihosting
    sys_wrch.o(.text) refers (Special) to indicate_semi.o(.text) for __semihosting_library_function
    defsig.o(CL$$defsig) refers to defsig_rtmem_inner.o(.text) for __rt_SIGRTMEM_inner
    defsig_abrt_inner.o(.text) refers to defsig_general.o(.text) for __default_signal_display
    defsig_fpe_inner.o(.text) refers to defsig_general.o(.text) for __default_signal_display
    defsig_rtred_inner.o(.text) refers to defsig_general.o(.text) for __default_signal_display
    defsig_stak_inner.o(.text) refers to defsig_general.o(.text) for __default_signal_display
    defsig_pvfn_inner.o(.text) refers to defsig_general.o(.text) for __default_signal_display
    defsig_cppl_inner.o(.text) refers to defsig_general.o(.text) for __default_signal_display
    defsig_segv_inner.o(.text) refers to defsig_general.o(.text) for __default_signal_display
    defsig_other.o(.text) refers to defsig_general.o(.text) for __default_signal_display


==============================================================================

Removing Unused input sections from the image.

    Removing startup.o(RESET), (272 bytes).

1 unused section(s) (total 272 bytes) removed from the image.

==============================================================================

Adding Veneers to the image

    Adding AT veneer (8 bytes, Inline) for call to '__rt_lib_init' from __rtentry2.o(.ARM.Collect$$rtentry$$0000000A).
    Adding AT veneer (8 bytes, Inline) for call to '__rt_lib_shutdown' from rtexit2.o(.ARM.Collect$$rtexit$$00000003).
    Adding TA veneer (4 bytes, Inline) for call to '__rt_exit' from exit.o(.text).
    Adding AT veneer (8 bytes, Inline) for call to '_sys_exit' from rtexit2.o(.ARM.Collect$$rtexit$$00000004).

4 Veneer(s) (total 28 bytes) added to the image.

==============================================================================

Image Symbol Table

    Local Symbols

    Symbol Name                              Value     Ov Type        Size  Object(Section)

    !!!main                                  0x00000000   Section        8  __main.o(!!!main)
    ../clib/angel/boardlib.s                 0x00000000   Number         0  boardshut.o ABSOLUTE
    ../clib/angel/boardlib.s                 0x00000000   Number         0  boardinit3.o ABSOLUTE
    ../clib/angel/boardlib.s                 0x00000000   Number         0  boardinit2.o ABSOLUTE
    ../clib/angel/boardlib.s                 0x00000000   Number         0  boardinit1.o ABSOLUTE
    ../clib/angel/dczerorl2.s                0x00000000   Number         0  __dczerorl2.o ABSOLUTE
    ../clib/angel/handlers.s                 0x00000000   Number         0  __scatter_zi.o ABSOLUTE
    ../clib/angel/kernel.s                   0x00000000   Number         0  rtexit2.o ABSOLUTE
    ../clib/angel/kernel.s                   0x00000000   Number         0  __rtentry4.o ABSOLUTE
    ../clib/angel/kernel.s                   0x00000000   Number         0  __rtentry2.o ABSOLUTE
    ../clib/angel/kernel.s                   0x00000000   Number         0  __rtentry.o ABSOLUTE
    ../clib/angel/kernel.s                   0x00000000   Number         0  rtexit.o ABSOLUTE
    ../clib/angel/rt.s                       0x00000000   Number         0  rt_raise.o ABSOLUTE
    ../clib/angel/scatter.s                  0x00000000   Number         0  __scatter.o ABSOLUTE
    ../clib/angel/startup.s                  0x00000000   Number         0  __main.o ABSOLUTE
    ../clib/angel/sys.s                      0x00000000   Number         0  sys_stackheap_outer.o ABSOLUTE
    ../clib/angel/sys.s                      0x00000000   Number         0  libspace.o ABSOLUTE
    ../clib/angel/sys.s                      0x00000000   Number         0  indicate_semi.o ABSOLUTE
    ../clib/angel/sys.s                      0x00000000   Number         0  use_no_semi.o ABSOLUTE
    ../clib/angel/sysapp.c                   0x00000000   Number         0  sys_exit.o ABSOLUTE
    ../clib/angel/sysapp.c                   0x00000000   Number         0  sys_wrch.o ABSOLUTE
    ../clib/angel/sysapp.c                   0x00000000   Number         0  sys_command.o ABSOLUTE
    ../clib/armsys.c                         0x00000000   Number         0  no_argv.o ABSOLUTE
    ../clib/armsys.c                         0x00000000   Number         0  _get_argv_nomalloc.o ABSOLUTE
    ../clib/armsys.c                         0x00000000   Number         0  argv_veneer.o ABSOLUTE
    ../clib/armsys.c                         0x00000000   Number         0  argv_veneer.o ABSOLUTE
    ../clib/heapalloc.c                      0x00000000   Number         0  hrguard.o ABSOLUTE
    ../clib/heapaux.c                        0x00000000   Number         0  heapauxi.o ABSOLUTE
    ../clib/libinit.s                        0x00000000   Number         0  libshutdown.o ABSOLUTE
    ../clib/libinit.s                        0x00000000   Number         0  libshutdown2.o ABSOLUTE
    ../clib/libinit.s                        0x00000000   Number         0  libinit.o ABSOLUTE
    ../clib/libinit.s                        0x00000000   Number         0  libinit2.o ABSOLUTE
    ../clib/signal.c                         0x00000000   Number         0  defsig_general.o ABSOLUTE
    ../clib/signal.c                         0x00000000   Number         0  __raise.o ABSOLUTE
    ../clib/signal.c                         0x00000000   Number         0  defsig_rtmem_inner.o ABSOLUTE
    ../clib/signal.c                         0x00000000   Number         0  defsig_exit.o ABSOLUTE
    ../clib/signal.c                         0x00000000   Number         0  defsig_cppl_inner.o ABSOLUTE
    ../clib/signal.c                         0x00000000   Number         0  defsig_rtmem_formal.o ABSOLUTE
    ../clib/signal.c                         0x00000000   Number         0  defsig_other.o ABSOLUTE
    ../clib/signal.c                         0x00000000   Number         0  defsig_segv_inner.o ABSOLUTE
    ../clib/signal.c                         0x00000000   Number         0  defsig_pvfn_inner.o ABSOLUTE
    ../clib/signal.c                         0x00000000   Number         0  defsig_stak_inner.o ABSOLUTE
    ../clib/signal.c                         0x00000000   Number         0  defsig_rtred_inner.o ABSOLUTE
    ../clib/signal.c                         0x00000000   Number         0  defsig_fpe_inner.o ABSOLUTE
    ../clib/signal.c                         0x00000000   Number         0  defsig_abrt_inner.o ABSOLUTE
    ../clib/signal.c                         0x00000000   Number         0  defsig_rtmem_outer.o ABSOLUTE
    ../clib/signal.s                         0x00000000   Number         0  defsig.o ABSOLUTE
    ../clib/stdlib.c                         0x00000000   Number         0  exit.o ABSOLUTE
    ../fplib/fpinit.s                        0x00000000   Number         0  fpinit.o ABSOLUTE
    Startup.s                                0x00000000   Number         0  startup.o ABSOLUTE
    dc.s                                     0x00000000   Number         0  dc.o ABSOLUTE
    funciones.s                              0x00000000   Number         0  funciones.o ABSOLUTE
    sudoku_2021.c                            0x00000000   Number         0  sudoku_2021.o ABSOLUTE
    !!!scatter                               0x00000008   Section       60  __scatter.o(!!!scatter)
    !!dczerorl2                              0x00000044   Section       92  __dczerorl2.o(!!dczerorl2)
    _decompress_loop                         0x0000004f   Thumb Code     0  __dczerorl2.o(!!dczerorl2)
    _decompress_zerolen                      0x0000005d   Thumb Code     0  __dczerorl2.o(!!dczerorl2)
    _decompress_litn                         0x00000065   Thumb Code     0  __dczerorl2.o(!!dczerorl2)
    _decompress_lit                          0x00000069   Thumb Code     0  __dczerorl2.o(!!dczerorl2)
    _decompress_copyorzero                   0x00000075   Thumb Code     0  __dczerorl2.o(!!dczerorl2)
    _decompress_zero                         0x0000007d   Thumb Code     0  __dczerorl2.o(!!dczerorl2)
    _decompress_copyn                        0x00000087   Thumb Code     0  __dczerorl2.o(!!dczerorl2)
    _decompress_copy                         0x0000008f   Thumb Code     0  __dczerorl2.o(!!dczerorl2)
    _decompress_end                          0x0000009b   Thumb Code     0  __dczerorl2.o(!!dczerorl2)
    !!handler_zi                             0x000000a0   Section       44  __scatter_zi.o(!!handler_zi)
    .ARM.Collect$$libinit$$00000000          0x000000d4   Section        2  libinit.o(.ARM.Collect$$libinit$$00000000)
    .ARM.Collect$$libinit$$00000002          0x000000d6   Section        0  libinit2.o(.ARM.Collect$$libinit$$00000002)
    .ARM.Collect$$libinit$$00000004          0x000000d6   Section        0  libinit2.o(.ARM.Collect$$libinit$$00000004)
    .ARM.Collect$$libinit$$0000000A          0x000000d6   Section        0  libinit2.o(.ARM.Collect$$libinit$$0000000A)
    .ARM.Collect$$libinit$$0000000C          0x000000d6   Section        0  libinit2.o(.ARM.Collect$$libinit$$0000000C)
    .ARM.Collect$$libinit$$0000000E          0x000000d6   Section        0  libinit2.o(.ARM.Collect$$libinit$$0000000E)
    .ARM.Collect$$libinit$$00000011          0x000000d6   Section        0  libinit2.o(.ARM.Collect$$libinit$$00000011)
    .ARM.Collect$$libinit$$00000013          0x000000d6   Section        0  libinit2.o(.ARM.Collect$$libinit$$00000013)
    .ARM.Collect$$libinit$$00000015          0x000000d6   Section        0  libinit2.o(.ARM.Collect$$libinit$$00000015)
    .ARM.Collect$$libinit$$00000017          0x000000d6   Section        0  libinit2.o(.ARM.Collect$$libinit$$00000017)
    .ARM.Collect$$libinit$$00000019          0x000000d6   Section        0  libinit2.o(.ARM.Collect$$libinit$$00000019)
    .ARM.Collect$$libinit$$0000001B          0x000000d6   Section        0  libinit2.o(.ARM.Collect$$libinit$$0000001B)
    .ARM.Collect$$libinit$$0000001D          0x000000d6   Section        0  libinit2.o(.ARM.Collect$$libinit$$0000001D)
    .ARM.Collect$$libinit$$0000001F          0x000000d6   Section        0  libinit2.o(.ARM.Collect$$libinit$$0000001F)
    .ARM.Collect$$libinit$$00000021          0x000000d6   Section        0  libinit2.o(.ARM.Collect$$libinit$$00000021)
    .ARM.Collect$$libinit$$00000023          0x000000d6   Section        0  libinit2.o(.ARM.Collect$$libinit$$00000023)
    .ARM.Collect$$libinit$$00000025          0x000000d6   Section        0  libinit2.o(.ARM.Collect$$libinit$$00000025)
    .ARM.Collect$$libinit$$0000002C          0x000000d6   Section        0  libinit2.o(.ARM.Collect$$libinit$$0000002C)
    .ARM.Collect$$libinit$$0000002E          0x000000d6   Section        0  libinit2.o(.ARM.Collect$$libinit$$0000002E)
    .ARM.Collect$$libinit$$00000030          0x000000d6   Section        0  libinit2.o(.ARM.Collect$$libinit$$00000030)
    .ARM.Collect$$libinit$$00000032          0x000000d6   Section        0  libinit2.o(.ARM.Collect$$libinit$$00000032)
    .ARM.Collect$$libinit$$00000033          0x000000d6   Section       12  libinit2.o(.ARM.Collect$$libinit$$00000033)
    .ARM.Collect$$libshutdown$$00000000      0x000000ec   Section        4  libshutdown.o(.ARM.Collect$$libshutdown$$00000000)
    .ARM.Collect$$libshutdown$$00000002      0x000000f0   Section        0  libshutdown2.o(.ARM.Collect$$libshutdown$$00000002)
    .ARM.Collect$$libshutdown$$00000004      0x000000f0   Section        0  libshutdown2.o(.ARM.Collect$$libshutdown$$00000004)
    .ARM.Collect$$libshutdown$$00000007      0x000000f0   Section        0  libshutdown2.o(.ARM.Collect$$libshutdown$$00000007)
    .ARM.Collect$$libshutdown$$0000000A      0x000000f0   Section        0  libshutdown2.o(.ARM.Collect$$libshutdown$$0000000A)
    .ARM.Collect$$libshutdown$$0000000C      0x000000f0   Section        0  libshutdown2.o(.ARM.Collect$$libshutdown$$0000000C)
    .ARM.Collect$$libshutdown$$0000000F      0x000000f0   Section        0  libshutdown2.o(.ARM.Collect$$libshutdown$$0000000F)
    .ARM.Collect$$libshutdown$$00000010      0x000000f0   Section        6  libshutdown2.o(.ARM.Collect$$libshutdown$$00000010)
    .ARM.Collect$$rtentry$$00000000          0x000000f8   Section        0  __rtentry.o(.ARM.Collect$$rtentry$$00000000)
    .ARM.Collect$$rtentry$$00000002          0x000000f8   Section        0  __rtentry2.o(.ARM.Collect$$rtentry$$00000002)
    .ARM.Collect$$rtentry$$00000004          0x000000f8   Section        8  __rtentry4.o(.ARM.Collect$$rtentry$$00000004)
    .ARM.Collect$$rtentry$$00000009          0x00000100   Section        0  __rtentry2.o(.ARM.Collect$$rtentry$$00000009)
    .ARM.Collect$$rtentry$$0000000A          0x00000100   Section        4  __rtentry2.o(.ARM.Collect$$rtentry$$0000000A)
    .ARM.Collect$$rtentry$$0000000C          0x00000104   Section        0  __rtentry2.o(.ARM.Collect$$rtentry$$0000000C)
    .ARM.Collect$$rtentry$$0000000D          0x00000104   Section       40  __rtentry2.o(.ARM.Collect$$rtentry$$0000000D)
    .ARM.Collect$$rtexit$$00000000           0x00000130   Section        4  rtexit.o(.ARM.Collect$$rtexit$$00000000)
    .ARM.Collect$$rtexit$$00000002           0x00000134   Section        0  rtexit2.o(.ARM.Collect$$rtexit$$00000002)
    .ARM.Collect$$rtexit$$00000003           0x00000134   Section        4  rtexit2.o(.ARM.Collect$$rtexit$$00000003)
    .ARM.Collect$$rtexit$$00000004           0x00000138   Section        8  rtexit2.o(.ARM.Collect$$rtexit$$00000004)
    .text                                    0x00000140   Section       32  startup.o(.text)
    .text                                    0x00000160   Section        0  heapauxi.o(.text)
    .text                                    0x00000168   Section       96  sys_stackheap_outer.o(.text)
    .text                                    0x000001c8   Section        0  exit.o(.text)
    .text                                    0x000001dc   Section       12  libspace.o(.text)
    .text                                    0x000001f0   Section        0  sys_exit.o(.text)
    .text                                    0x000001fc   Section        4  use_no_semi.o(.text)
    .text                                    0x00000200   Section        0  indicate_semi.o(.text)
    cod                                      0x00000200   Section      692  funciones.o(cod)
    i.candidatos_actualizar_c                0x000004b4   Section        0  sudoku_2021.o(i.candidatos_actualizar_c)
    candidatos_actualizar_c                  0x000004b4   ARM Code     204  sudoku_2021.o(i.candidatos_actualizar_c)
    i.candidatos_actualizar_c_arm            0x00000580   Section        0  sudoku_2021.o(i.candidatos_actualizar_c_arm)
    candidatos_actualizar_c_arm              0x00000580   ARM Code     204  sudoku_2021.o(i.candidatos_actualizar_c_arm)
    i.candidatos_propagar_c                  0x0000064c   Section        0  sudoku_2021.o(i.candidatos_propagar_c)
    i.celda_eliminar_candidato               0x00000750   Section        0  sudoku_2021.o(i.celda_eliminar_candidato)
    celda_eliminar_candidato                 0x00000750   ARM Code      24  sudoku_2021.o(i.celda_eliminar_candidato)
    i.cuadricula_candidatos_verificar        0x00000768   Section        0  sudoku_2021.o(i.cuadricula_candidatos_verificar)
    cuadricula_candidatos_verificar          0x00000768   ARM Code     136  sudoku_2021.o(i.cuadricula_candidatos_verificar)
    i.elminaCandidatos                       0x000007f0   Section        0  sudoku_2021.o(i.elminaCandidatos)
    i.esVacia                                0x00000800   Section        0  sudoku_2021.o(i.esVacia)
    esVacia                                  0x00000800   ARM Code      36  sudoku_2021.o(i.esVacia)
    i.main                                   0x00000824   Section        0  sudoku_2021.o(i.main)
    i.sudoku9x9                              0x00000860   Section        0  sudoku_2021.o(i.sudoku9x9)
    .data                                    0x40000000   Section     1440  sudoku_2021.o(.data)
    cuadricula_C_C                           0x40000000   Data         288  sudoku_2021.o(.data)
    cuadricula_C_ARM                         0x40000120   Data         288  sudoku_2021.o(.data)
    cuadricula_ARM_C                         0x40000240   Data         288  sudoku_2021.o(.data)
    cuadricula_ARM_ARM                       0x40000360   Data         288  sudoku_2021.o(.data)
    solucion                                 0x40000480   Data         288  sudoku_2021.o(.data)
    datos                                    0x400005a0   Section        9  funciones.o(datos)
    init_region                              0x400005a0   Data           9  funciones.o(datos)
    .bss                                     0x400005ac   Section       96  libspace.o(.bss)
    HEAP                                     0x40000610   Section        0  startup.o(HEAP)
    STACK                                    0x40000610   Section     1160  startup.o(STACK)
    Heap_Mem                                 0x40000610   Data           0  startup.o(HEAP)
    Stack_Mem                                0x40000610   Data        1024  startup.o(STACK)
    Stack_Top                                0x40000a98   Data           0  startup.o(STACK)

    Global Symbols

    Symbol Name                              Value     Ov Type        Size  Object(Section)

    BuildAttributes$$THM_ISAv1$ARM_ISAv4$S$PE$A:L22$X:L11$S22$IEEE1$IW$USESV6$~STKCKD$USESV7$~SHL$OSPACE$ROPI$EBA8$UX$STANDARDLIB$REQ8$PRES8$EABIv2 0x00000000   Number         0  anon$$obj.o ABSOLUTE
    __ARM_use_no_argv                        0x00000000   Number         0  sudoku_2021.o ABSOLUTE
    __main                                   0x00000000   ARM Code       8  __main.o(!!!main)
    __ARM_exceptions_init                     - Undefined Weak Reference
    __alloca_initialize                       - Undefined Weak Reference
    __arm_preinit_                            - Undefined Weak Reference
    __cpp_initialize__aeabi_                  - Undefined Weak Reference
    __cxa_finalize                            - Undefined Weak Reference
    __rt_locale                               - Undefined Weak Reference
    __sigvec_lookup                           - Undefined Weak Reference
    _atexit_init                              - Undefined Weak Reference
    _call_atexit_fns                          - Undefined Weak Reference
    _clock_init                               - Undefined Weak Reference
    _fp_trap_init                             - Undefined Weak Reference
    _fp_trap_shutdown                         - Undefined Weak Reference
    _get_lc_collate                           - Undefined Weak Reference
    _get_lc_ctype                             - Undefined Weak Reference
    _get_lc_monetary                          - Undefined Weak Reference
    _get_lc_numeric                           - Undefined Weak Reference
    _get_lc_time                              - Undefined Weak Reference
    _getenv_init                              - Undefined Weak Reference
    _handle_redirection                       - Undefined Weak Reference
    _init_alloc                               - Undefined Weak Reference
    _init_user_alloc                          - Undefined Weak Reference
    _initio                                   - Undefined Weak Reference
    _rand_init                                - Undefined Weak Reference
    _signal_finish                            - Undefined Weak Reference
    _signal_init                              - Undefined Weak Reference
    _terminate_alloc                          - Undefined Weak Reference
    _terminate_user_alloc                     - Undefined Weak Reference
    _terminateio                              - Undefined Weak Reference
    __scatterload                            0x00000008   ARM Code       0  __scatter.o(!!!scatter)
    __scatterload_rt2                        0x00000008   ARM Code      52  __scatter.o(!!!scatter)
    __scatterload_null                       0x0000001c   ARM Code       0  __scatter.o(!!!scatter)
    __decompress                             0x00000044   ARM Code      92  __dczerorl2.o(!!dczerorl2)
    __decompress1                            0x00000044   ARM Code       0  __dczerorl2.o(!!dczerorl2)
    __scatterload_zeroinit                   0x000000a0   ARM Code      44  __scatter_zi.o(!!handler_zi)
    Inline ARM to Thumb Veneer to __rt_lib_init 0x000000cc   ARM Code       8  libinit.o(.ARM.Collect$$libinit$$00000000)
    __rt_lib_init                            0x000000d5   Thumb Code     0  libinit.o(.ARM.Collect$$libinit$$00000000)
    __rt_lib_init_alloca_1                   0x000000d7   Thumb Code     0  libinit2.o(.ARM.Collect$$libinit$$0000002E)
    __rt_lib_init_argv_1                     0x000000d7   Thumb Code     0  libinit2.o(.ARM.Collect$$libinit$$0000002C)
    __rt_lib_init_atexit_1                   0x000000d7   Thumb Code     0  libinit2.o(.ARM.Collect$$libinit$$0000001B)
    __rt_lib_init_clock_1                    0x000000d7   Thumb Code     0  libinit2.o(.ARM.Collect$$libinit$$00000021)
    __rt_lib_init_cpp_1                      0x000000d7   Thumb Code     0  libinit2.o(.ARM.Collect$$libinit$$00000032)
    __rt_lib_init_exceptions_1               0x000000d7   Thumb Code     0  libinit2.o(.ARM.Collect$$libinit$$00000030)
    __rt_lib_init_fp_1                       0x000000d7   Thumb Code     0  libinit2.o(.ARM.Collect$$libinit$$00000002)
    __rt_lib_init_fp_trap_1                  0x000000d7   Thumb Code     0  libinit2.o(.ARM.Collect$$libinit$$0000001F)
    __rt_lib_init_getenv_1                   0x000000d7   Thumb Code     0  libinit2.o(.ARM.Collect$$libinit$$00000023)
    __rt_lib_init_heap_1                     0x000000d7   Thumb Code     0  libinit2.o(.ARM.Collect$$libinit$$0000000A)
    __rt_lib_init_lc_collate_1               0x000000d7   Thumb Code     0  libinit2.o(.ARM.Collect$$libinit$$00000011)
    __rt_lib_init_lc_ctype_1                 0x000000d7   Thumb Code     0  libinit2.o(.ARM.Collect$$libinit$$00000013)
    __rt_lib_init_lc_monetary_1              0x000000d7   Thumb Code     0  libinit2.o(.ARM.Collect$$libinit$$00000015)
    __rt_lib_init_lc_numeric_1               0x000000d7   Thumb Code     0  libinit2.o(.ARM.Collect$$libinit$$00000017)
    __rt_lib_init_lc_time_1                  0x000000d7   Thumb Code     0  libinit2.o(.ARM.Collect$$libinit$$00000019)
    __rt_lib_init_preinit_1                  0x000000d7   Thumb Code     0  libinit2.o(.ARM.Collect$$libinit$$00000004)
    __rt_lib_init_rand_1                     0x000000d7   Thumb Code     0  libinit2.o(.ARM.Collect$$libinit$$0000000E)
    __rt_lib_init_return                     0x000000d7   Thumb Code     0  libinit2.o(.ARM.Collect$$libinit$$00000033)
    __rt_lib_init_signal_1                   0x000000d7   Thumb Code     0  libinit2.o(.ARM.Collect$$libinit$$0000001D)
    __rt_lib_init_stdio_1                    0x000000d7   Thumb Code     0  libinit2.o(.ARM.Collect$$libinit$$00000025)
    __rt_lib_init_user_alloc_1               0x000000d7   Thumb Code     0  libinit2.o(.ARM.Collect$$libinit$$0000000C)
    Inline ARM to Thumb Veneer to __rt_lib_shutdown 0x000000e4   ARM Code       8  libshutdown.o(.ARM.Collect$$libshutdown$$00000000)
    __rt_lib_shutdown                        0x000000ed   Thumb Code     0  libshutdown.o(.ARM.Collect$$libshutdown$$00000000)
    __rt_lib_shutdown_cpp_1                  0x000000f1   Thumb Code     0  libshutdown2.o(.ARM.Collect$$libshutdown$$00000002)
    __rt_lib_shutdown_fp_trap_1              0x000000f1   Thumb Code     0  libshutdown2.o(.ARM.Collect$$libshutdown$$00000007)
    __rt_lib_shutdown_heap_1                 0x000000f1   Thumb Code     0  libshutdown2.o(.ARM.Collect$$libshutdown$$0000000F)
    __rt_lib_shutdown_return                 0x000000f1   Thumb Code     0  libshutdown2.o(.ARM.Collect$$libshutdown$$00000010)
    __rt_lib_shutdown_signal_1               0x000000f1   Thumb Code     0  libshutdown2.o(.ARM.Collect$$libshutdown$$0000000A)
    __rt_lib_shutdown_stdio_1                0x000000f1   Thumb Code     0  libshutdown2.o(.ARM.Collect$$libshutdown$$00000004)
    __rt_lib_shutdown_user_alloc_1           0x000000f1   Thumb Code     0  libshutdown2.o(.ARM.Collect$$libshutdown$$0000000C)
    __rt_entry                               0x000000f8   ARM Code       0  __rtentry.o(.ARM.Collect$$rtentry$$00000000)
    __rt_entry_presh_1                       0x000000f8   ARM Code       0  __rtentry2.o(.ARM.Collect$$rtentry$$00000002)
    __rt_entry_sh                            0x000000f8   ARM Code       0  __rtentry4.o(.ARM.Collect$$rtentry$$00000004)
    __rt_entry_li                            0x00000100   ARM Code       0  __rtentry2.o(.ARM.Collect$$rtentry$$0000000A)
    __rt_entry_postsh_1                      0x00000100   ARM Code       0  __rtentry2.o(.ARM.Collect$$rtentry$$00000009)
    __rt_entry_main                          0x00000104   ARM Code       0  __rtentry2.o(.ARM.Collect$$rtentry$$0000000D)
    __rt_entry_postli_1                      0x00000104   ARM Code       0  __rtentry2.o(.ARM.Collect$$rtentry$$0000000C)
    Inline Thumb to ARM Veneer to __rt_exit  0x0000012d   Thumb Code     4  rtexit.o(.ARM.Collect$$rtexit$$00000000)
    __rt_exit                                0x00000130   ARM Code       0  rtexit.o(.ARM.Collect$$rtexit$$00000000)
    __rt_exit_ls                             0x00000134   ARM Code       0  rtexit2.o(.ARM.Collect$$rtexit$$00000003)
    __rt_exit_prels_1                        0x00000134   ARM Code       0  rtexit2.o(.ARM.Collect$$rtexit$$00000002)
    __rt_exit_exit                           0x00000138   ARM Code       0  rtexit2.o(.ARM.Collect$$rtexit$$00000004)
    __user_initial_stackheap                 0x00000140   ARM Code       0  startup.o(.text)
    __use_two_region_memory                  0x00000161   Thumb Code     2  heapauxi.o(.text)
    __rt_heap_escrow$2region                 0x00000163   Thumb Code     2  heapauxi.o(.text)
    __rt_heap_expand$2region                 0x00000165   Thumb Code     2  heapauxi.o(.text)
    __user_setup_stackheap                   0x00000168   ARM Code      96  sys_stackheap_outer.o(.text)
    exit                                     0x000001c9   Thumb Code    20  exit.o(.text)
    __user_libspace                          0x000001dc   ARM Code      12  libspace.o(.text)
    __user_perproc_libspace                  0x000001dc   ARM Code       0  libspace.o(.text)
    __user_perthread_libspace                0x000001dc   ARM Code       0  libspace.o(.text)
    Inline ARM to Thumb Veneer to _sys_exit  0x000001e8   ARM Code       8  sys_exit.o(.text)
    _sys_exit                                0x000001f1   Thumb Code     8  sys_exit.o(.text)
    __I$use$semihosting                      0x000001fc   ARM Code       0  use_no_semi.o(.text)
    __use_no_semihosting_swi                 0x000001fc   ARM Code       4  use_no_semi.o(.text)
    __semihosting_library_function           0x00000200   ARM Code       0  indicate_semi.o(.text)
    candidatos_actualizar_arm_c              0x00000200   ARM Code       0  funciones.o(cod)
    candidatos_propagar_arm                  0x000002a0   ARM Code       0  funciones.o(cod)
    candidatos_actualizar_arm                0x0000035c   ARM Code       0  funciones.o(cod)
    candidatos_propagar_c                    0x0000064c   ARM Code     248  sudoku_2021.o(i.candidatos_propagar_c)
    elminaCandidatos                         0x000007f0   ARM Code      16  sudoku_2021.o(i.elminaCandidatos)
    main                                     0x00000824   ARM Code      40  sudoku_2021.o(i.main)
    sudoku9x9                                0x00000860   ARM Code     156  sudoku_2021.o(i.sudoku9x9)
    Region$$Table$$Base                      0x000008fc   Number         0  anon$$obj.o(Region$$Table)
    Region$$Table$$Limit                     0x0000091c   Number         0  anon$$obj.o(Region$$Table)
    __libspace_start                         0x400005ac   Data          96  libspace.o(.bss)
    __temporary_stack_top$libspace           0x4000060c   Data           0  libspace.o(.bss)



==============================================================================

Memory Map of the image

  Image Entry point : 0x00000000

  Load Region LR_1 (Base: 0x00000000, Size: 0x00000ec8, Max: 0xffffffff, ABSOLUTE, COMPRESSED[0x00000acc])

    Execution Region ER_RO (Exec base: 0x00000000, Load base: 0x00000000, Size: 0x0000091c, Max: 0xffffffff, ABSOLUTE)

    Exec Addr    Load Addr    Size         Type   Attr      Idx    E Section Name        Object

    0x00000000   0x00000000   0x00000008   Code   RO           94  * !!!main             c_t.l(__main.o)
    0x00000008   0x00000008   0x0000003c   Code   RO          255    !!!scatter          c_t.l(__scatter.o)
    0x00000044   0x00000044   0x0000005c   Code   RO          253    !!dczerorl2         c_t.l(__dczerorl2.o)
    0x000000a0   0x000000a0   0x0000002c   Code   RO          257    !!handler_zi        c_t.l(__scatter_zi.o)
    0x000000cc   0x000000cc   0x00000008   Ven    RO          121    .ARM.Collect$$libinit$$00000000  c_t.l(libinit.o)
    0x000000d4   0x000000d4   0x00000002   Code   RO          121    .ARM.Collect$$libinit$$00000000  c_t.l(libinit.o)
    0x000000d6   0x000000d6   0x00000000   Code   RO          128    .ARM.Collect$$libinit$$00000002  c_t.l(libinit2.o)
    0x000000d6   0x000000d6   0x00000000   Code   RO          130    .ARM.Collect$$libinit$$00000004  c_t.l(libinit2.o)
    0x000000d6   0x000000d6   0x00000000   Code   RO          133    .ARM.Collect$$libinit$$0000000A  c_t.l(libinit2.o)
    0x000000d6   0x000000d6   0x00000000   Code   RO          135    .ARM.Collect$$libinit$$0000000C  c_t.l(libinit2.o)
    0x000000d6   0x000000d6   0x00000000   Code   RO          137    .ARM.Collect$$libinit$$0000000E  c_t.l(libinit2.o)
    0x000000d6   0x000000d6   0x00000000   Code   RO          140    .ARM.Collect$$libinit$$00000011  c_t.l(libinit2.o)
    0x000000d6   0x000000d6   0x00000000   Code   RO          142    .ARM.Collect$$libinit$$00000013  c_t.l(libinit2.o)
    0x000000d6   0x000000d6   0x00000000   Code   RO          144    .ARM.Collect$$libinit$$00000015  c_t.l(libinit2.o)
    0x000000d6   0x000000d6   0x00000000   Code   RO          146    .ARM.Collect$$libinit$$00000017  c_t.l(libinit2.o)
    0x000000d6   0x000000d6   0x00000000   Code   RO          148    .ARM.Collect$$libinit$$00000019  c_t.l(libinit2.o)
    0x000000d6   0x000000d6   0x00000000   Code   RO          150    .ARM.Collect$$libinit$$0000001B  c_t.l(libinit2.o)
    0x000000d6   0x000000d6   0x00000000   Code   RO          152    .ARM.Collect$$libinit$$0000001D  c_t.l(libinit2.o)
    0x000000d6   0x000000d6   0x00000000   Code   RO          154    .ARM.Collect$$libinit$$0000001F  c_t.l(libinit2.o)
    0x000000d6   0x000000d6   0x00000000   Code   RO          156    .ARM.Collect$$libinit$$00000021  c_t.l(libinit2.o)
    0x000000d6   0x000000d6   0x00000000   Code   RO          158    .ARM.Collect$$libinit$$00000023  c_t.l(libinit2.o)
    0x000000d6   0x000000d6   0x00000000   Code   RO          160    .ARM.Collect$$libinit$$00000025  c_t.l(libinit2.o)
    0x000000d6   0x000000d6   0x00000000   Code   RO          164    .ARM.Collect$$libinit$$0000002C  c_t.l(libinit2.o)
    0x000000d6   0x000000d6   0x00000000   Code   RO          166    .ARM.Collect$$libinit$$0000002E  c_t.l(libinit2.o)
    0x000000d6   0x000000d6   0x00000000   Code   RO          168    .ARM.Collect$$libinit$$00000030  c_t.l(libinit2.o)
    0x000000d6   0x000000d6   0x00000000   Code   RO          170    .ARM.Collect$$libinit$$00000032  c_t.l(libinit2.o)
    0x000000d6   0x000000d6   0x0000000c   Code   RO          171    .ARM.Collect$$libinit$$00000033  c_t.l(libinit2.o)
    0x000000e2   0x000000e2   0x00000002   PAD
    0x000000e4   0x000000e4   0x00000008   Ven    RO          191    .ARM.Collect$$libshutdown$$00000000  c_t.l(libshutdown.o)
    0x000000ec   0x000000ec   0x00000004   Code   RO          191    .ARM.Collect$$libshutdown$$00000000  c_t.l(libshutdown.o)
    0x000000f0   0x000000f0   0x00000000   Code   RO          204    .ARM.Collect$$libshutdown$$00000002  c_t.l(libshutdown2.o)
    0x000000f0   0x000000f0   0x00000000   Code   RO          206    .ARM.Collect$$libshutdown$$00000004  c_t.l(libshutdown2.o)
    0x000000f0   0x000000f0   0x00000000   Code   RO          209    .ARM.Collect$$libshutdown$$00000007  c_t.l(libshutdown2.o)
    0x000000f0   0x000000f0   0x00000000   Code   RO          212    .ARM.Collect$$libshutdown$$0000000A  c_t.l(libshutdown2.o)
    0x000000f0   0x000000f0   0x00000000   Code   RO          214    .ARM.Collect$$libshutdown$$0000000C  c_t.l(libshutdown2.o)
    0x000000f0   0x000000f0   0x00000000   Code   RO          217    .ARM.Collect$$libshutdown$$0000000F  c_t.l(libshutdown2.o)
    0x000000f0   0x000000f0   0x00000006   Code   RO          218    .ARM.Collect$$libshutdown$$00000010  c_t.l(libshutdown2.o)
    0x000000f6   0x000000f6   0x00000002   PAD
    0x000000f8   0x000000f8   0x00000000   Code   RO           96    .ARM.Collect$$rtentry$$00000000  c_t.l(__rtentry.o)
    0x000000f8   0x000000f8   0x00000000   Code   RO           98    .ARM.Collect$$rtentry$$00000002  c_t.l(__rtentry2.o)
    0x000000f8   0x000000f8   0x00000008   Code   RO          110    .ARM.Collect$$rtentry$$00000004  c_t.l(__rtentry4.o)
    0x00000100   0x00000100   0x00000000   Code   RO          100    .ARM.Collect$$rtentry$$00000009  c_t.l(__rtentry2.o)
    0x00000100   0x00000100   0x00000004   Code   RO          101    .ARM.Collect$$rtentry$$0000000A  c_t.l(__rtentry2.o)
    0x00000104   0x00000104   0x00000000   Code   RO          103    .ARM.Collect$$rtentry$$0000000C  c_t.l(__rtentry2.o)
    0x00000104   0x00000104   0x00000028   Code   RO          104    .ARM.Collect$$rtentry$$0000000D  c_t.l(__rtentry2.o)
    0x0000012c   0x0000012c   0x00000004   Ven    RO          125    .ARM.Collect$$rtexit$$00000000  c_t.l(rtexit.o)
    0x00000130   0x00000130   0x00000004   Code   RO          125    .ARM.Collect$$rtexit$$00000000  c_t.l(rtexit.o)
    0x00000134   0x00000134   0x00000000   Code   RO          173    .ARM.Collect$$rtexit$$00000002  c_t.l(rtexit2.o)
    0x00000134   0x00000134   0x00000004   Code   RO          174    .ARM.Collect$$rtexit$$00000003  c_t.l(rtexit2.o)
    0x00000138   0x00000138   0x00000008   Code   RO          175    .ARM.Collect$$rtexit$$00000004  c_t.l(rtexit2.o)
    0x00000140   0x00000140   0x00000020   Code   RO            4    .text               startup.o
    0x00000160   0x00000160   0x00000006   Code   RO           92    .text               c_t.l(heapauxi.o)
    0x00000166   0x00000166   0x00000002   PAD
    0x00000168   0x00000168   0x00000060   Code   RO          112    .text               c_t.l(sys_stackheap_outer.o)
    0x000001c8   0x000001c8   0x00000014   Code   RO          114    .text               c_t.l(exit.o)
    0x000001dc   0x000001dc   0x0000000c   Code   RO          122    .text               c_t.l(libspace.o)
    0x000001e8   0x000001e8   0x00000008   Ven    RO          183    .text               c_t.l(sys_exit.o)
    0x000001f0   0x000001f0   0x0000000c   Code   RO          183    .text               c_t.l(sys_exit.o)
    0x000001fc   0x000001fc   0x00000004   Code   RO          194    .text               c_t.l(use_no_semi.o)
    0x00000200   0x00000200   0x00000000   Code   RO          196    .text               c_t.l(indicate_semi.o)
    0x00000200   0x00000200   0x000002b4   Code   RO           12  * cod                 funciones.o
    0x000004b4   0x000004b4   0x000000cc   Code   RO           15    i.candidatos_actualizar_c  sudoku_2021.o
    0x00000580   0x00000580   0x000000cc   Code   RO           16    i.candidatos_actualizar_c_arm  sudoku_2021.o
    0x0000064c   0x0000064c   0x00000104   Code   RO           17    i.candidatos_propagar_c  sudoku_2021.o
    0x00000750   0x00000750   0x00000018   Code   RO           18    i.celda_eliminar_candidato  sudoku_2021.o
    0x00000768   0x00000768   0x00000088   Code   RO           19    i.cuadricula_candidatos_verificar  sudoku_2021.o
    0x000007f0   0x000007f0   0x00000010   Code   RO           20    i.elminaCandidatos  sudoku_2021.o
    0x00000800   0x00000800   0x00000024   Code   RO           21    i.esVacia           sudoku_2021.o
    0x00000824   0x00000824   0x0000003c   Code   RO           22    i.main              sudoku_2021.o
    0x00000860   0x00000860   0x0000009c   Code   RO           23    i.sudoku9x9         sudoku_2021.o
    0x000008fc   0x000008fc   0x00000020   Data   RO          251    Region$$Table       anon$$obj.o


    Execution Region ER_RW (Exec base: 0x40000000, Load base: 0x0000091c, Size: 0x000005ac, Max: 0xffffffff, ABSOLUTE, COMPRESSED[0x000001b0])

    Exec Addr    Load Addr    Size         Type   Attr      Idx    E Section Name        Object

    0x40000000   COMPRESSED   0x000005a0   Data   RW           24    .data               sudoku_2021.o
    0x400005a0   COMPRESSED   0x00000009   Data   RW           11    datos               funciones.o


    Execution Region ER_ZI (Exec base: 0x400005ac, Load base: 0x00000acc, Size: 0x000004ec, Max: 0xffffffff, ABSOLUTE)

    Exec Addr    Load Addr    Size         Type   Attr      Idx    E Section Name        Object

    0x400005ac        -       0x00000060   Zero   RW          123    .bss                c_t.l(libspace.o)
    0x4000060c   0x00000acc   0x00000004   PAD
    0x40000610        -       0x00000000   Zero   RW            2    HEAP                startup.o
    0x40000610        -       0x00000488   Zero   RW            1    STACK               startup.o


==============================================================================

Image component sizes


      Code (inc. data)   RO Data    RW Data    ZI Data      Debug   Object Name

       692          4          0          9          0        440   funciones.o
        32         12          0          0       1160        276   startup.o
      1096         32          0       1440          0      12122   sudoku_2021.o

    ----------------------------------------------------------------------
      1820         48         32       1452       1160      12838   Object Totals
         0          0         32          0          0          0   (incl. Generated)
         0          0          0          3          0          0   (incl. Padding)

    ----------------------------------------------------------------------

      Code (inc. data)   RO Data    RW Data    ZI Data      Debug   Library Member Name

        92          0          0          0          0          0   __dczerorl2.o
         8          0          0          0          0         68   __main.o
         0          0          0          0          0          0   __rtentry.o
        44          4          0          0          0          0   __rtentry2.o
         8          0          0          0          0          0   __rtentry4.o
        60          8          0          0          0          0   __scatter.o
        44          0          0          0          0          0   __scatter_zi.o
        20          0          0          0          0         80   exit.o
         6          0          0          0          0        136   heapauxi.o
         0          0          0          0          0          0   indicate_semi.o
        10          0          0          0          0          0   libinit.o
        12          0          0          0          0          0   libinit2.o
        12          0          0          0          0          0   libshutdown.o
         6          0          0          0          0          0   libshutdown2.o
        12          4          0          0         96         68   libspace.o
         8          0          0          0          0          0   rtexit.o
        12          0          0          0          0          0   rtexit2.o
        20          4          0          0          0         60   sys_exit.o
        96          0          0          0          0         80   sys_stackheap_outer.o
         4          0          0          0          0         68   use_no_semi.o

    ----------------------------------------------------------------------
       480         20          0          0        100        560   Library Totals
         6          0          0          0          4          0   (incl. Padding)

    ----------------------------------------------------------------------

      Code (inc. data)   RO Data    RW Data    ZI Data      Debug   Library Name

       474         20          0          0         96        560   c_t.l

    ----------------------------------------------------------------------
       480         20          0          0        100        560   Library Totals

    ----------------------------------------------------------------------

==============================================================================


      Code (inc. data)   RO Data    RW Data    ZI Data      Debug   

      2300         68         32       1452       1260      12994   Grand Totals
      2300         68         32        432       1260      12994   ELF Image Totals (compressed)
      2300         68         32        432          0          0   ROM Totals

==============================================================================

    Total RO  Size (Code + RO Data)                 2332 (   2.28kB)
    Total RW  Size (RW Data + ZI Data)              2712 (   2.65kB)
    Total ROM Size (Code + RO Data + RW Data)       2764 (   2.70kB)

==============================================================================

